// Jest Snapshot v1, https://goo.gl/fbAQLP

exports[`<SectionTitle renders and matches the snapshot 1`] = `
<div>
  <div
    class="my-border flex-center text-center text-5xl font-bold font-ole group py-10"
  >
    Fucked Up
  </div>
</div>
`;
